../Core/Src/main.c:78:5:_write	24	static
../Core/Src/main.c:84:6:motor_set	24	static
../Core/Src/main.c:115:6:motor_stop	8	static
../Core/Src/main.c:122:6:predict	40	static
../Core/Src/main.c:132:7:mpc_compute	80	static
../Core/Src/main.c:169:6:run_step_response	24	static
../Core/Src/main.c:194:6:run_mpc	72	static
../Core/Src/main.c:248:5:main	8	static
../Core/Src/main.c:348:6:SystemClock_Config	72	static
../Core/Src/main.c:388:13:MX_TIM2_Init	48	static
../Core/Src/main.c:436:13:MX_TIM3_Init	56	static
../Core/Src/main.c:485:13:MX_USART2_UART_Init	8	static
../Core/Src/main.c:518:13:MX_GPIO_Init	48	static
../Core/Src/main.c:559:6:Error_Handler	4	static,ignoring_inline_asm
